Resolving dependencies...
Downloading packages...
  camera 0.12.0 (0.12.0+1 available)
  matcher 0.12.18 (0.12.19 available)
  meta 1.17.0 (1.18.2 available)
  native_toolchain_c 0.17.5 (0.17.6 available)
  test_api 0.7.9 (0.7.11 available)
  vector_math 2.2.0 (2.3.0 available)
Got dependencies!
6 packages have newer versions incompatible with dependency constraints.
Try `flutter pub outdated` for more information.
Launching lib/main.dart on Web Server in debug mode...
Waiting for connection from debug service on Web Server...         27.7s
lib/main.dart is being served at http://0.0.0.0:8080
The web-server device requires the Dart Debug Chrome extension for debugging. Consider using the Chrome or Edge devices for an improved development workflow.

Flutter run key commands.
r Hot reload. 🔥🔥🔥
R Hot restart.
h List all available interactive commands.
d Detach (terminate "flutter run" but leave application running).
c Clear the screen
q Quit (terminate the application on the device).

Debug service listening on ws://127.0.0.1:45975/Y8KqcGK7H8w=/ws
A Dart VM Service on Web Server is available at: http://127.0.0.1:45975/Y8KqcGK7H8w=
The Flutter DevTools debugger and profiler on Web Server is available at: http://127.0.0.1:45975/Y8KqcGK7H8w=/devtools/?uri=ws://127.0.0.1:45975/Y8KqcGK7H8w=/ws
